// Jest Snapshot v1, https://goo.gl/fbAQLP

exports[`calendar-input should render without problems 1`] = `
<span
  className="calendar-input"
>
  <span>
    <Mq
      onMatchChange={[Function]}
      query="--small-only"
      touch={true}
    >
      <input
        className="calendar-input__native-control"
        formNoValidate={true}
        onBlur={[Function]}
        onChange={[Function]}
        onFocus={[Function]}
        type="date"
        value="2018-06-01"
      />
    </Mq>
    <ForwardRef(ThemedComponent(Input))
      className="calendar-input__custom-control"
      disabledAttr={false}
      focused={false}
      formNoValidate={true}
      icon={
        <ForwardRef(ThemedComponent(IconButton))
          onClick={[Function]}
        >
          <ForwardRef(ThemedComponent(IconCalendar)) />
        </ForwardRef(ThemedComponent(IconButton))>
      }
      mask="11.11.1111"
      onBlur={[Function]}
      onChange={[Function]}
      onFocus={[Function]}
      onKeyDown={[Function]}
      pattern="[0-9.]*"
      placeholder="00.00.0000"
      type="tel"
      value="01.06.2018"
    />
  </span>
  <ForwardRef(ThemedComponent(Popup))
    directions={
      Array [
        "bottom-left",
        "bottom-right",
        "top-left",
        "top-right",
      ]
    }
    header={false}
    padded={false}
    target="anchor"
    visible={false}
  >
    <div
      className="calendar-input__calendar-wrapper"
    >
      <ForwardRef(ThemedComponent(Calendar))
        month={1529020800000}
        onBlur={[Function]}
        onFocus={[Function]}
        onKeyDown={[Function]}
        onMonthChange={[Function]}
        onValueChange={[Function]}
        value={1527811200000}
      />
    </div>
  </ForwardRef(ThemedComponent(Popup))>
</span>
`;
