// Jest Snapshot v1, https://goo.gl/fbAQLP

exports[`amount should render without problems 1`] = `
<Amount
  amount={
    Object {
      "currency": Object {
        "code": "RUR",
        "minority": 100,
      },
      "value": 123314145,
    }
  }
  bold={false}
  isHeading={false}
  showZeroMinorPart={true}
  size="m"
>
  <div
    className="amount"
  >
    <ForwardRef(ThemedComponent(Label))
      size="m"
    >
      <Label
        isNoWrap={false}
        size="m"
        theme="alfa-on-white"
      >
        <span
          className="label label_size_m label_theme_alfa-on-white"
        >
          <span
            className="label__inner"
          >
            <span>
              <span
                className="amount__major"
              >
                1 233 141
              </span>
              <div
                className="amount__minor-container"
              >
                <span
                  className="amount__separator"
                >
                  ,
                </span>
                <span
                  className="amount__minor"
                >
                  45
                </span>
              </div>
              <span
                className="amount__currency"
              >
                 
                ₽
              </span>
            </span>
          </span>
        </span>
      </Label>
    </ForwardRef(ThemedComponent(Label))>
  </div>
</Amount>
`;
