// Jest Snapshot v1, https://goo.gl/fbAQLP

exports[`popup-header should render without problems 1`] = `
<div
  className="popup-header"
>
  <ForwardRef(ThemedComponent(IconButton))
    className="popup-header__closer"
    onClick={[Function]}
  >
    <ForwardRef(ThemedComponent(IconClose)) />
  </ForwardRef(ThemedComponent(IconButton))>
  <div
    className="popup-header__title"
  >
    Title
  </div>
</div>
`;
