// Jest Snapshot v1, https://goo.gl/fbAQLP

exports[`resize-sensor should render without problem 1`] = `
<ResizeSensor>
  <iframe
    style={
      Object {
        "background": "transparent",
        "border": "none",
        "height": "100%",
        "left": 0,
        "position": "absolute",
        "top": 0,
        "width": "100%",
        "zIndex": -1,
      }
    }
    tabIndex={-1}
  />
</ResizeSensor>
`;
