// Jest Snapshot v1, https://goo.gl/fbAQLP

exports[`attach should render without problems 1`] = `
<Attach
  buttonContent="Выберите файл"
  disabled={false}
  multiple={false}
  noFileText="Нет файла"
  size="m"
  tabIndex={0}
>
  <span
    className="attach attach_size_m"
    onMouseEnter={[Function]}
    onMouseLeave={[Function]}
  >
    <ForwardRef(ThemedComponent(Button))
      className="attach__button"
      disabled={false}
      focused={false}
      icon={<r />}
      leftAddons={
        <label
          className="attach__label"
        >
          <input
            className="attach__control"
            disabled={false}
            multiple={false}
            onChange={[Function]}
            tabIndex={-1}
            type="file"
          />
        </label>
      }
      onBlur={[Function]}
      onClick={[Function]}
      onFocus={[Function]}
      size="m"
      tabIndex={0}
      tag="span"
    >
      <Button
        className="attach__button"
        disabled={false}
        focused={false}
        formNoValidate={false}
        icon={<r />}
        leftAddons={
          <label
            className="attach__label"
          >
            <input
              className="attach__control"
              disabled={false}
              multiple={false}
              onChange={[Function]}
              tabIndex={-1}
              type="file"
            />
          </label>
        }
        onBlur={[Function]}
        onClick={[Function]}
        onFocus={[Function]}
        size="m"
        tabIndex={0}
        tag="span"
        theme="alfa-on-white"
        type="button"
        view="default"
      >
        <span
          className="button attach__button button_view_default button_size_m button_theme_alfa-on-white"
          disabled={false}
          formNoValidate={null}
          onBlur={[Function]}
          onClick={[Function]}
          onFocus={[Function]}
          onKeyDown={[Function]}
          onKeyUp={[Function]}
          onMouseDown={[Function]}
          onMouseEnter={[Function]}
          onMouseLeave={[Function]}
          onMouseOut={[Function]}
          onMouseUp={[Function]}
          role="button"
          tabIndex={0}
          type="button"
        >
          <span
            className="button__addon"
            key="left-addons"
          >
            <label
              className="attach__label"
            >
              <input
                className="attach__control"
                disabled={false}
                multiple={false}
                onChange={[Function]}
                tabIndex={-1}
                type="file"
              />
            </label>
          </span>
          <span
            className="button__content"
            key="content"
          >
            <span
              className="button__icon"
              key="icon"
            >
              <r>
                <svg
                  fill="currentColor"
                  focusable="false"
                  height="18"
                  viewBox="0 0 17 18"
                  width="17"
                >
                  <path
                    d="M8.508 16.07a5.002 5.002 0 007.026-.044A4.998 4.998 0 0015.578 9L7.8 1.222a3.996 3.996 0 00-6.69 1.793 3.999 3.999 0 001.034 3.864l6.364 6.363a3 3 0 005.037-1.337 2.998 2.998 0 00-.795-2.907L9.92 6.172l-.706.707 2.83 2.827a2.002 2.002 0 01-2.831 2.829l-6.36-6.364a2.996 2.996 0 01-.001-4.241 2.997 2.997 0 014.242 0l7.778 7.777a4 4 0 01-5.657 5.658L2.85 9l-.707.707 6.365 6.364z"
                  />
                </svg>
              </r>
            </span>
            <span
              className="button__text"
              key="text"
            >
              Выберите файл
            </span>
          </span>
        </span>
      </Button>
    </ForwardRef(ThemedComponent(Button))>
    <span
      className="attach__no-file"
    >
      Нет файла
    </span>
  </span>
</Attach>
`;
