// Jest Snapshot v1, https://goo.gl/fbAQLP

exports[`attach should render without problems 1`] = `
<Attach
  buttonContent="Выберите файл"
  disabled={false}
  multiple={false}
  noFileText="Нет файла"
  size="m"
  tabIndex={0}
>
  <span
    className="attach attach_size_m"
    onMouseEnter={[Function]}
    onMouseLeave={[Function]}
  >
    <ForwardRef(ThemedComponent(Button))
      className="attach__button"
      disabled={false}
      focused={false}
      icon={
        <ForwardRef(ThemedComponent(IconAttachment))
          size="m"
        />
      }
      leftAddons={
        <label
          className="attach__label"
        >
          <input
            className="attach__control"
            disabled={false}
            multiple={false}
            onChange={[Function]}
            tabIndex={-1}
            type="file"
          />
        </label>
      }
      onBlur={[Function]}
      onClick={[Function]}
      onFocus={[Function]}
      size="m"
      tabIndex={0}
      tag="span"
    >
      <Button
        className="attach__button"
        disabled={false}
        focused={false}
        formNoValidate={false}
        icon={
          <ForwardRef(ThemedComponent(IconAttachment))
            size="m"
          />
        }
        leftAddons={
          <label
            className="attach__label"
          >
            <input
              className="attach__control"
              disabled={false}
              multiple={false}
              onChange={[Function]}
              tabIndex={-1}
              type="file"
            />
          </label>
        }
        onBlur={[Function]}
        onClick={[Function]}
        onFocus={[Function]}
        size="m"
        tabIndex={0}
        tag="span"
        theme="alfa-on-white"
        type="button"
      >
        <span
          className="button attach__button button_size_m button_theme_alfa-on-white"
          disabled={false}
          formNoValidate={null}
          onBlur={[Function]}
          onClick={[Function]}
          onFocus={[Function]}
          onKeyDown={[Function]}
          onKeyUp={[Function]}
          onMouseDown={[Function]}
          onMouseEnter={[Function]}
          onMouseLeave={[Function]}
          onMouseOut={[Function]}
          onMouseUp={[Function]}
          role="button"
          tabIndex={0}
          type="button"
        >
          <span
            className="button__addon"
            key="left-addons"
          >
            <label
              className="attach__label"
            >
              <input
                className="attach__control"
                disabled={false}
                multiple={false}
                onChange={[Function]}
                tabIndex={-1}
                type="file"
              />
            </label>
          </span>
          <span
            className="button__content"
            key="content"
          >
            <span
              className="button__icon"
              key="icon"
            >
              <ForwardRef(ThemedComponent(IconAttachment))
                size="m"
              >
                <IconAttachment
                  size="m"
                  theme="alfa-on-white"
                >
                  <ForwardRef(ThemedComponent(Icon))
                    name="attachment"
                    size="m"
                    theme="alfa-on-white"
                  >
                    <Icon
                      name="attachment"
                      size="m"
                      theme="alfa-on-white"
                    >
                      <span
                        className="icon icon_size_m icon_name_attachment icon_theme_alfa-on-white"
                      />
                    </Icon>
                  </ForwardRef(ThemedComponent(Icon))>
                </IconAttachment>
              </ForwardRef(ThemedComponent(IconAttachment))>
            </span>
            <span
              className="button__text"
              key="text"
            >
              Выберите файл
            </span>
          </span>
        </span>
      </Button>
    </ForwardRef(ThemedComponent(Button))>
    <span
      className="attach__no-file"
    >
      Нет файла
    </span>
  </span>
</Attach>
`;
