// Jest Snapshot v1, https://goo.gl/fbAQLP

exports[`select should render without problem 1`] = `
<Select
  directions={
    Array [
      "bottom-left",
      "bottom-right",
      "top-left",
      "top-right",
    ]
  }
  disabled={false}
  equalPopupWidth={false}
  groupView="default"
  mobileMenuMode="native"
  mobileTitle="Выберите:"
  mode="check"
  nativeOptionPlaceholder="Выберите:"
  options={
    Array [
      Object {
        "checkedText": "Vkontakte",
        "text": "Vk",
        "value": 1,
      },
      Object {
        "text": "Fb",
        "value": 2,
      },
      Object {
        "checkedText": "Twitter",
        "text": "Tw",
        "value": 3,
      },
    ]
  }
  renderPopupOnFocus={false}
  size="m"
  view="default"
  width="default"
>
  <div
    className="select select_mode_check select_size_m select_view_default select_width_default select_theme_alfa-on-white"
  >
    <span
      className="select__inner"
    >
      <input
        type="hidden"
        value={Array []}
      />
      <SelectButton
        disabled={false}
        focused={false}
        formNoValidate={false}
        onBlur={[Function]}
        onClick={[Function]}
        onFocus={[Function]}
        size="m"
        tag="button"
        type="button"
      >
        <button
          className="select-button select-button_size_m select-button_theme_alfa-on-white"
          disabled={false}
          formNoValidate={false}
          onBlur={[Function]}
          onClick={[Function]}
          onFocus={[Function]}
          onKeyDown={[Function]}
          onKeyUp={[Function]}
          onMouseDown={[Function]}
          onMouseEnter={[Function]}
          onMouseLeave={[Function]}
          onMouseOut={[Function]}
          onMouseUp={[Function]}
          role="button"
          type="button"
        >
          <span
            className="select-button__content"
            key="content"
          >
            <span
              className="select-button__text"
              key="text"
            >
              <span
                className="select__placeholder"
              >
                Выберите:
              </span>
              <IconButton
                className="select__tick"
                formNoValidate={false}
                key="addon-icon"
                size="m"
                tag="span"
                type="button"
              >
                <span
                  className="icon-button icon-button_size_m icon-button_theme_alfa-on-white select__tick"
                  formNoValidate={null}
                  onBlur={[Function]}
                  onClick={[Function]}
                  onFocus={[Function]}
                  onKeyDown={[Function]}
                  onKeyUp={[Function]}
                  onMouseDown={[Function]}
                  onMouseEnter={[Function]}
                  onMouseLeave={[Function]}
                  onMouseOut={[Function]}
                  onMouseUp={[Function]}
                  role="button"
                  type="button"
                >
                  <span
                    className="icon-button__content"
                    key="content"
                  >
                    <span
                      className="icon-button__text"
                      key="text"
                    >
                      <IconArrowDown
                        size="s"
                      >
                        <Icon
                          name="arrow-down"
                          size="s"
                        >
                          <span
                            className="icon icon_size_s icon_name_arrow-down icon_theme_alfa-on-white"
                          />
                        </Icon>
                      </IconArrowDown>
                    </span>
                  </span>
                </span>
              </IconButton>
            </span>
          </span>
        </button>
      </SelectButton>
      <Mq
        onMatchChange={[Function]}
        query="--small-only"
        touch={true}
      >
        <select
          className="select__native-control"
          disabled={false}
          multiple="multiple"
          onBlur={[Function]}
          onChange={[Function]}
          onClick={[Function]}
          onFocus={[Function]}
          value={Array []}
        >
          <optgroup
            disabled={true}
            label="Выберите:"
          />
          <option
            key="1"
            value={1}
          >
            Vk
          </option>
          <option
            key="2"
            value={2}
          >
            Fb
          </option>
          <option
            key="3"
            value={3}
          >
            Tw
          </option>
        </select>
      </Mq>
    </span>
  </div>
</Select>
`;
