// Jest Snapshot v1, https://goo.gl/fbAQLP

exports[`select should render without problem 1`] = `
<Select
  directions={
    Array [
      "bottom-left",
      "bottom-right",
      "top-left",
      "top-right",
    ]
  }
  disabled={false}
  equalPopupWidth={false}
  groupView="default"
  mobileMenuMode="native"
  mobileTitle="Выберите:"
  mode="check"
  nativeOptionPlaceholder="Выберите:"
  options={
    Array [
      Object {
        "checkedText": "Vkontakte",
        "text": "Vk",
        "value": 1,
      },
      Object {
        "text": "Fb",
        "value": 2,
      },
      Object {
        "checkedText": "Twitter",
        "text": "Tw",
        "value": 3,
      },
    ]
  }
  renderPopupOnFocus={false}
  size="m"
  view="default"
  width="default"
>
  <div
    className="select select_mode_check select_size_m select_view_default select_width_default"
  >
    <span
      className="select__inner"
    >
      <input
        type="hidden"
        value={Array []}
      />
      <ForwardRef(ThemedComponent(NotThemedSelectButton))
        disabled={false}
        focused={false}
        onBlur={[Function]}
        onClick={[Function]}
        onFocus={[Function]}
        size="m"
      >
        <NotThemedSelectButton
          disabled={false}
          focused={false}
          formNoValidate={false}
          onBlur={[Function]}
          onClick={[Function]}
          onFocus={[Function]}
          size="m"
          tag="button"
          theme="alfa-on-white"
          type="button"
        >
          <button
            className="select-button select-button_size_m select-button_theme_alfa-on-white"
            disabled={false}
            formNoValidate={false}
            onBlur={[Function]}
            onClick={[Function]}
            onFocus={[Function]}
            onKeyDown={[Function]}
            onKeyUp={[Function]}
            onMouseDown={[Function]}
            onMouseEnter={[Function]}
            onMouseLeave={[Function]}
            onMouseOut={[Function]}
            onMouseUp={[Function]}
            role="button"
            type="button"
          >
            <span
              className="select-button__content"
              key="content"
            >
              <span
                className="select-button__text"
                key="text"
              >
                <span
                  className="select__placeholder"
                >
                  Выберите:
                </span>
                <ForwardRef(ThemedComponent(IconButton))
                  className="select__tick"
                  key="addon-icon"
                  size="m"
                  tag="span"
                >
                  <IconButton
                    className="select__tick"
                    formNoValidate={false}
                    size="m"
                    tag="span"
                    theme="alfa-on-white"
                    type="button"
                  >
                    <span
                      className="icon-button select__tick icon-button_size_m icon-button_theme_alfa-on-white"
                      formNoValidate={null}
                      onBlur={[Function]}
                      onClick={[Function]}
                      onFocus={[Function]}
                      onKeyDown={[Function]}
                      onKeyUp={[Function]}
                      onMouseDown={[Function]}
                      onMouseEnter={[Function]}
                      onMouseLeave={[Function]}
                      onMouseOut={[Function]}
                      onMouseUp={[Function]}
                      role="button"
                      type="button"
                    >
                      <span
                        className="icon-button__content"
                        key="content"
                      >
                        <span
                          className="icon-button__text"
                          key="text"
                        >
                          <ForwardRef(ThemedComponent(IconArrowDown))
                            size="s"
                          >
                            <IconArrowDown
                              size="s"
                              theme="alfa-on-white"
                            >
                              <ForwardRef(ThemedComponent(Icon))
                                name="arrow-down"
                                size="s"
                                theme="alfa-on-white"
                              >
                                <Icon
                                  name="arrow-down"
                                  size="s"
                                  theme="alfa-on-white"
                                >
                                  <span
                                    className="icon icon_size_s icon_name_arrow-down icon_theme_alfa-on-white"
                                  />
                                </Icon>
                              </ForwardRef(ThemedComponent(Icon))>
                            </IconArrowDown>
                          </ForwardRef(ThemedComponent(IconArrowDown))>
                        </span>
                      </span>
                    </span>
                  </IconButton>
                </ForwardRef(ThemedComponent(IconButton))>
              </span>
            </span>
          </button>
        </NotThemedSelectButton>
      </ForwardRef(ThemedComponent(NotThemedSelectButton))>
      <Mq
        onMatchChange={[Function]}
        query="--small-only"
        touch={true}
      />
      <ForwardRef(ThemedComponent(Popup))
        className="select__popup"
        directions={
          Array [
            "bottom-left",
            "bottom-right",
            "top-left",
            "top-right",
          ]
        }
        header={false}
        height="adaptive"
        key="popup"
        minWidth={0}
        onClickOutside={[Function]}
        padded={false}
        size="m"
        target="anchor"
        visible={false}
      >
        <Popup
          className="select__popup"
          directions={
            Array [
              "bottom-left",
              "bottom-right",
              "top-left",
              "top-right",
            ]
          }
          fitContaiterOffset={0}
          header={false}
          height="adaptive"
          minWidth={0}
          onClickOutside={[Function]}
          padded={false}
          secondaryOffset={0}
          size="m"
          target="anchor"
          theme="alfa-on-white"
          visible={false}
        >
          <Portal
            containerInfo={
              <body>
                <div
                  class="popup select__popup popup_direction_bottom-left popup_target_anchor popup_size_m popup_height_adaptive popup_theme_alfa-on-white"
                  style="top: 0px; left: 0px; height: auto; min-width: 0; max-width: none; max-height: none;"
                >
                  <div
                    class="popup__container"
                  >
                    <div
                      class="popup__inner"
                    >
                      <div
                        class="popup__content"
                      >
                        <div
                          class="menu select__menu menu_size_m menu_group-view_default menu_mode_check menu_theme_alfa-on-white"
                          tabindex="0"
                        >
                          <div
                            class="menu-item menu-item_type_block menu-item_theme_alfa-on-white"
                          >
                            <span
                              class="menu-item__control"
                            >
                              Vk
                            </span>
                          </div>
                          <div
                            class="menu-item menu-item_type_block menu-item_theme_alfa-on-white"
                          >
                            <span
                              class="menu-item__control"
                            >
                              Fb
                            </span>
                          </div>
                          <div
                            class="menu-item menu-item_type_block menu-item_theme_alfa-on-white"
                          >
                            <span
                              class="menu-item__control"
                            >
                              Tw
                            </span>
                          </div>
                        </div>
                        <iframe
                          style="position: absolute; top: 0px; left: 0px; width: 100%; height: 100%; background: transparent; z-index: -1;"
                          tabindex="-1"
                        />
                      </div>
                    </div>
                  </div>
                </div>
              </body>
            }
          >
            <div
              className="popup select__popup popup_direction_bottom-left popup_target_anchor popup_size_m popup_height_adaptive popup_theme_alfa-on-white"
              onMouseEnter={[Function]}
              onMouseLeave={[Function]}
              style={
                Object {
                  "bottom": undefined,
                  "height": "auto",
                  "left": 0,
                  "maxHeight": "none",
                  "maxWidth": "none",
                  "minWidth": 0,
                  "right": undefined,
                  "top": 0,
                }
              }
            >
              <div
                className="popup__container"
              >
                <div
                  className="popup__inner"
                  onScroll={[Function]}
                >
                  <div
                    className="popup__content"
                  >
                    <ForwardRef(ThemedComponent(Menu))
                      checkedItems={Array []}
                      className="select__menu"
                      content={
                        Array [
                          Object {
                            "content": Array [
                              "Vk",
                            ],
                            "props": undefined,
                            "value": 1,
                          },
                          Object {
                            "content": Array [
                              "Fb",
                            ],
                            "props": undefined,
                            "value": 2,
                          },
                          Object {
                            "content": Array [
                              "Tw",
                            ],
                            "props": undefined,
                            "value": 3,
                          },
                        ]
                      }
                      disabled={false}
                      groupView="default"
                      mode="check"
                      onBlur={[Function]}
                      onFocus={[Function]}
                      onHighlightItem={[Function]}
                      onItemCheck={[Function]}
                      onKeyDown={[Function]}
                      size="m"
                    >
                      <Menu
                        autoFocusFirstItem={false}
                        checkedItems={Array []}
                        className="select__menu"
                        content={
                          Array [
                            Object {
                              "content": Array [
                                "Vk",
                              ],
                              "props": undefined,
                              "value": 1,
                            },
                            Object {
                              "content": Array [
                                "Fb",
                              ],
                              "props": undefined,
                              "value": 2,
                            },
                            Object {
                              "content": Array [
                                "Tw",
                              ],
                              "props": undefined,
                              "value": 3,
                            },
                          ]
                        }
                        disabled={false}
                        groupView="default"
                        mode="check"
                        onBlur={[Function]}
                        onFocus={[Function]}
                        onHighlightItem={[Function]}
                        onItemCheck={[Function]}
                        onKeyDown={[Function]}
                        size="m"
                        theme="alfa-on-white"
                      >
                        <div
                          className="menu select__menu menu_size_m menu_group-view_default menu_mode_check menu_theme_alfa-on-white"
                          onBlur={[Function]}
                          onFocus={[Function]}
                          onKeyDown={[Function]}
                          onKeyUp={[Function]}
                          onMouseEnter={[Function]}
                          onMouseLeave={[Function]}
                          tabIndex={0}
                        >
                          <ForwardRef(ThemedComponent(MenuItem))
                            checked={false}
                            hovered={null}
                            key="1"
                            onClick={[Function]}
                            onMouseEnter={[Function]}
                            onMouseLeave={[Function]}
                            size="m"
                            type="block"
                            value={1}
                          >
                            <MenuItem
                              checked={false}
                              hovered={null}
                              onClick={[Function]}
                              onMouseEnter={[Function]}
                              onMouseLeave={[Function]}
                              size="m"
                              theme="alfa-on-white"
                              type="block"
                              value={1}
                              view="plain"
                            >
                              <div
                                className="menu-item menu-item_type_block menu-item_theme_alfa-on-white"
                                onClick={[Function]}
                                onMouseEnter={[Function]}
                                onMouseLeave={[Function]}
                              >
                                <span
                                  className="menu-item__control"
                                >
                                  Vk
                                </span>
                              </div>
                            </MenuItem>
                          </ForwardRef(ThemedComponent(MenuItem))>
                          <ForwardRef(ThemedComponent(MenuItem))
                            checked={false}
                            hovered={null}
                            key="2"
                            onClick={[Function]}
                            onMouseEnter={[Function]}
                            onMouseLeave={[Function]}
                            size="m"
                            type="block"
                            value={2}
                          >
                            <MenuItem
                              checked={false}
                              hovered={null}
                              onClick={[Function]}
                              onMouseEnter={[Function]}
                              onMouseLeave={[Function]}
                              size="m"
                              theme="alfa-on-white"
                              type="block"
                              value={2}
                              view="plain"
                            >
                              <div
                                className="menu-item menu-item_type_block menu-item_theme_alfa-on-white"
                                onClick={[Function]}
                                onMouseEnter={[Function]}
                                onMouseLeave={[Function]}
                              >
                                <span
                                  className="menu-item__control"
                                >
                                  Fb
                                </span>
                              </div>
                            </MenuItem>
                          </ForwardRef(ThemedComponent(MenuItem))>
                          <ForwardRef(ThemedComponent(MenuItem))
                            checked={false}
                            hovered={null}
                            key="3"
                            onClick={[Function]}
                            onMouseEnter={[Function]}
                            onMouseLeave={[Function]}
                            size="m"
                            type="block"
                            value={3}
                          >
                            <MenuItem
                              checked={false}
                              hovered={null}
                              onClick={[Function]}
                              onMouseEnter={[Function]}
                              onMouseLeave={[Function]}
                              size="m"
                              theme="alfa-on-white"
                              type="block"
                              value={3}
                              view="plain"
                            >
                              <div
                                className="menu-item menu-item_type_block menu-item_theme_alfa-on-white"
                                onClick={[Function]}
                                onMouseEnter={[Function]}
                                onMouseLeave={[Function]}
                              >
                                <span
                                  className="menu-item__control"
                                >
                                  Tw
                                </span>
                              </div>
                            </MenuItem>
                          </ForwardRef(ThemedComponent(MenuItem))>
                        </div>
                      </Menu>
                    </ForwardRef(ThemedComponent(Menu))>
                    <ResizeSensor
                      onResize={[Function]}
                    >
                      <iframe
                        style={
                          Object {
                            "background": "transparent",
                            "border": "none",
                            "height": "100%",
                            "left": 0,
                            "position": "absolute",
                            "top": 0,
                            "width": "100%",
                            "zIndex": -1,
                          }
                        }
                        tabIndex={-1}
                      />
                    </ResizeSensor>
                  </div>
                </div>
              </div>
            </div>
          </Portal>
        </Popup>
      </ForwardRef(ThemedComponent(Popup))>
    </span>
  </div>
</Select>
`;
