// Jest Snapshot v1, https://goo.gl/fbAQLP

exports[`tab-item renders without problems 1`] = `
<TabItem
  checked={false}
  disabled={false}
  pseudo={false}
  size="l"
  tabIndex={0}
  view="default"
>
  <a
    className="tab-item tab-item_view_default tab-item_size_l"
    onBlur={[Function]}
    onClick={[Function]}
    onFocus={[Function]}
    onMouseEnter={[Function]}
    onMouseLeave={[Function]}
    tabIndex={0}
  />
</TabItem>
`;
