// Jest Snapshot v1, https://goo.gl/fbAQLP

exports[`icon render undefined without problems 1`] = `
<ContextConsumer>
  <Component />
</ContextConsumer>
`;

exports[`icon render undefined without problems 2`] = `
<ContextConsumer>
  <Component />
</ContextConsumer>
`;

exports[`icon render undefined without problems 3`] = `
<ContextConsumer>
  <Component />
</ContextConsumer>
`;

exports[`icon render undefined without problems 4`] = `
<ContextConsumer>
  <Component />
</ContextConsumer>
`;

exports[`icon render undefined without problems 5`] = `
<ContextConsumer>
  <Component />
</ContextConsumer>
`;

exports[`icon render undefined without problems 6`] = `
<ContextConsumer>
  <Component />
</ContextConsumer>
`;

exports[`icon render undefined without problems 7`] = `
<ContextConsumer>
  <Component />
</ContextConsumer>
`;

exports[`icon render undefined without problems 8`] = `
<ContextConsumer>
  <Component />
</ContextConsumer>
`;

exports[`icon render undefined without problems 9`] = `
<ContextConsumer>
  <Component />
</ContextConsumer>
`;

exports[`icon render undefined without problems 10`] = `
<ContextConsumer>
  <Component />
</ContextConsumer>
`;

exports[`icon render undefined without problems 11`] = `
<ContextConsumer>
  <Component />
</ContextConsumer>
`;

exports[`icon render undefined without problems 12`] = `
<ContextConsumer>
  <Component />
</ContextConsumer>
`;

exports[`icon render undefined without problems 13`] = `
<ContextConsumer>
  <Component />
</ContextConsumer>
`;

exports[`icon render undefined without problems 14`] = `
<ContextConsumer>
  <Component />
</ContextConsumer>
`;

exports[`icon render undefined without problems 15`] = `
<ContextConsumer>
  <Component />
</ContextConsumer>
`;

exports[`icon render undefined without problems 16`] = `
<ContextConsumer>
  <Component />
</ContextConsumer>
`;

exports[`icon render undefined without problems 17`] = `
<ContextConsumer>
  <Component />
</ContextConsumer>
`;

exports[`icon render undefined without problems 18`] = `
<ContextConsumer>
  <Component />
</ContextConsumer>
`;

exports[`icon render undefined without problems 19`] = `
<ContextConsumer>
  <Component />
</ContextConsumer>
`;

exports[`icon render undefined without problems 20`] = `
<ContextConsumer>
  <Component />
</ContextConsumer>
`;

exports[`icon render undefined without problems 21`] = `
<ContextConsumer>
  <Component />
</ContextConsumer>
`;

exports[`icon render undefined without problems 22`] = `
<ContextConsumer>
  <Component />
</ContextConsumer>
`;

exports[`icon render undefined without problems 23`] = `
<ContextConsumer>
  <Component />
</ContextConsumer>
`;

exports[`icon render undefined without problems 24`] = `
<ContextConsumer>
  <Component />
</ContextConsumer>
`;

exports[`icon render undefined without problems 25`] = `
<ContextConsumer>
  <Component />
</ContextConsumer>
`;

exports[`icon render undefined without problems 26`] = `
<ContextConsumer>
  <Component />
</ContextConsumer>
`;

exports[`icon render undefined without problems 27`] = `
<ContextConsumer>
  <Component />
</ContextConsumer>
`;

exports[`icon render undefined without problems 28`] = `
<ContextConsumer>
  <Component />
</ContextConsumer>
`;

exports[`icon render undefined without problems 29`] = `
<ContextConsumer>
  <Component />
</ContextConsumer>
`;

exports[`icon render undefined without problems 30`] = `
<ContextConsumer>
  <Component />
</ContextConsumer>
`;

exports[`icon render undefined without problems 31`] = `
<ContextConsumer>
  <Component />
</ContextConsumer>
`;

exports[`icon render undefined without problems 32`] = `
<ContextConsumer>
  <Component />
</ContextConsumer>
`;

exports[`icon render undefined without problems 33`] = `
<ContextConsumer>
  <Component />
</ContextConsumer>
`;

exports[`icon render undefined without problems 34`] = `
<ContextConsumer>
  <Component />
</ContextConsumer>
`;

exports[`icon render undefined without problems 35`] = `
<ContextConsumer>
  <Component />
</ContextConsumer>
`;

exports[`icon render undefined without problems 36`] = `
<ContextConsumer>
  <Component />
</ContextConsumer>
`;

exports[`icon render undefined without problems 37`] = `
<ContextConsumer>
  <Component />
</ContextConsumer>
`;

exports[`icon render undefined without problems 38`] = `
<ContextConsumer>
  <Component />
</ContextConsumer>
`;

exports[`icon render undefined without problems 39`] = `
<ContextConsumer>
  <Component />
</ContextConsumer>
`;

exports[`icon render undefined without problems 40`] = `
<ContextConsumer>
  <Component />
</ContextConsumer>
`;

exports[`icon render undefined without problems 41`] = `
<ContextConsumer>
  <Component />
</ContextConsumer>
`;

exports[`icon render undefined without problems 42`] = `
<ContextConsumer>
  <Component />
</ContextConsumer>
`;

exports[`icon render undefined without problems 43`] = `
<ContextConsumer>
  <Component />
</ContextConsumer>
`;

exports[`icon render undefined without problems 44`] = `
<ContextConsumer>
  <Component />
</ContextConsumer>
`;

exports[`icon render undefined without problems 45`] = `
<ContextConsumer>
  <Component />
</ContextConsumer>
`;

exports[`icon render undefined without problems 46`] = `
<ContextConsumer>
  <Component />
</ContextConsumer>
`;

exports[`icon render undefined without problems 47`] = `
<ContextConsumer>
  <Component />
</ContextConsumer>
`;

exports[`icon render undefined without problems 48`] = `
<ContextConsumer>
  <Component />
</ContextConsumer>
`;

exports[`icon render undefined without problems 49`] = `
<ContextConsumer>
  <Component />
</ContextConsumer>
`;

exports[`icon render undefined without problems 50`] = `
<ContextConsumer>
  <Component />
</ContextConsumer>
`;

exports[`icon render undefined without problems 51`] = `
<ContextConsumer>
  <Component />
</ContextConsumer>
`;

exports[`icon render undefined without problems 52`] = `
<ContextConsumer>
  <Component />
</ContextConsumer>
`;

exports[`icon render undefined without problems 53`] = `
<ContextConsumer>
  <Component />
</ContextConsumer>
`;

exports[`icon render undefined without problems 54`] = `
<ContextConsumer>
  <Component />
</ContextConsumer>
`;

exports[`icon render undefined without problems 55`] = `
<ContextConsumer>
  <Component />
</ContextConsumer>
`;

exports[`icon render undefined without problems 56`] = `
<ContextConsumer>
  <Component />
</ContextConsumer>
`;

exports[`icon render undefined without problems 57`] = `
<ContextConsumer>
  <Component />
</ContextConsumer>
`;

exports[`icon render undefined without problems 58`] = `
<ContextConsumer>
  <Component />
</ContextConsumer>
`;

exports[`icon render undefined without problems 59`] = `
<ContextConsumer>
  <Component />
</ContextConsumer>
`;

exports[`icon render undefined without problems 60`] = `
<ContextConsumer>
  <Component />
</ContextConsumer>
`;

exports[`icon render undefined without problems 61`] = `
<ContextConsumer>
  <Component />
</ContextConsumer>
`;

exports[`icon render undefined without problems 62`] = `
<ContextConsumer>
  <Component />
</ContextConsumer>
`;

exports[`icon render undefined without problems 63`] = `
<ContextConsumer>
  <Component />
</ContextConsumer>
`;

exports[`icon render undefined without problems 64`] = `
<ContextConsumer>
  <Component />
</ContextConsumer>
`;

exports[`icon render undefined without problems 65`] = `
<ContextConsumer>
  <Component />
</ContextConsumer>
`;

exports[`icon render undefined without problems 66`] = `
<ContextConsumer>
  <Component />
</ContextConsumer>
`;

exports[`icon render undefined without problems 67`] = `
<ContextConsumer>
  <Component />
</ContextConsumer>
`;

exports[`icon render undefined without problems 68`] = `
<ContextConsumer>
  <Component />
</ContextConsumer>
`;

exports[`icon render undefined without problems 69`] = `
<ContextConsumer>
  <Component />
</ContextConsumer>
`;

exports[`icon render undefined without problems 70`] = `
<ContextConsumer>
  <Component />
</ContextConsumer>
`;

exports[`icon render undefined without problems 71`] = `
<ContextConsumer>
  <Component />
</ContextConsumer>
`;

exports[`icon render undefined without problems 72`] = `
<ContextConsumer>
  <Component />
</ContextConsumer>
`;

exports[`icon render undefined without problems 73`] = `
<ContextConsumer>
  <Component />
</ContextConsumer>
`;

exports[`icon render undefined without problems 74`] = `
<ContextConsumer>
  <Component />
</ContextConsumer>
`;

exports[`icon render undefined without problems 75`] = `
<ContextConsumer>
  <Component />
</ContextConsumer>
`;

exports[`icon render undefined without problems 76`] = `
<ContextConsumer>
  <Component />
</ContextConsumer>
`;

exports[`icon render undefined without problems 77`] = `
<ContextConsumer>
  <Component />
</ContextConsumer>
`;

exports[`icon render undefined without problems 78`] = `
<ContextConsumer>
  <Component />
</ContextConsumer>
`;

exports[`icon render undefined without problems 79`] = `
<ContextConsumer>
  <Component />
</ContextConsumer>
`;

exports[`icon render undefined without problems 80`] = `
<ContextConsumer>
  <Component />
</ContextConsumer>
`;

exports[`icon render undefined without problems 81`] = `
<ContextConsumer>
  <Component />
</ContextConsumer>
`;

exports[`icon render undefined without problems 82`] = `
<ContextConsumer>
  <Component />
</ContextConsumer>
`;

exports[`icon render undefined without problems 83`] = `
<ContextConsumer>
  <Component />
</ContextConsumer>
`;

exports[`icon render undefined without problems 84`] = `
<ContextConsumer>
  <Component />
</ContextConsumer>
`;

exports[`icon render undefined without problems 85`] = `
<ContextConsumer>
  <Component />
</ContextConsumer>
`;

exports[`icon render undefined without problems 86`] = `
<ContextConsumer>
  <Component />
</ContextConsumer>
`;

exports[`icon render undefined without problems 87`] = `
<ContextConsumer>
  <Component />
</ContextConsumer>
`;

exports[`icon render undefined without problems 88`] = `
<ContextConsumer>
  <Component />
</ContextConsumer>
`;

exports[`icon render undefined without problems 89`] = `
<ContextConsumer>
  <Component />
</ContextConsumer>
`;

exports[`icon render undefined without problems 90`] = `
<ContextConsumer>
  <Component />
</ContextConsumer>
`;

exports[`icon render undefined without problems 91`] = `
<ContextConsumer>
  <Component />
</ContextConsumer>
`;

exports[`icon render undefined without problems 92`] = `
<ContextConsumer>
  <Component />
</ContextConsumer>
`;

exports[`icon render undefined without problems 93`] = `
<ContextConsumer>
  <Component />
</ContextConsumer>
`;

exports[`icon render undefined without problems 94`] = `
<ContextConsumer>
  <Component />
</ContextConsumer>
`;

exports[`icon render undefined without problems 95`] = `
<ContextConsumer>
  <Component />
</ContextConsumer>
`;

exports[`icon render undefined without problems 96`] = `
<ContextConsumer>
  <Component />
</ContextConsumer>
`;

exports[`icon render undefined without problems 97`] = `
<ContextConsumer>
  <Component />
</ContextConsumer>
`;

exports[`icon render undefined without problems 98`] = `
<ContextConsumer>
  <Component />
</ContextConsumer>
`;

exports[`icon render undefined without problems 99`] = `
<ContextConsumer>
  <Component />
</ContextConsumer>
`;

exports[`icon render undefined without problems 100`] = `
<ContextConsumer>
  <Component />
</ContextConsumer>
`;

exports[`icon render undefined without problems 101`] = `
<ContextConsumer>
  <Component />
</ContextConsumer>
`;

exports[`icon render undefined without problems 102`] = `
<ContextConsumer>
  <Component />
</ContextConsumer>
`;

exports[`icon render undefined without problems 103`] = `
<ContextConsumer>
  <Component />
</ContextConsumer>
`;

exports[`icon render undefined without problems 104`] = `
<ContextConsumer>
  <Component />
</ContextConsumer>
`;

exports[`icon render undefined without problems 105`] = `
<ContextConsumer>
  <Component />
</ContextConsumer>
`;

exports[`icon render undefined without problems 106`] = `
<ContextConsumer>
  <Component />
</ContextConsumer>
`;

exports[`icon render undefined without problems 107`] = `
<ContextConsumer>
  <Component />
</ContextConsumer>
`;

exports[`icon render undefined without problems 108`] = `
<ContextConsumer>
  <Component />
</ContextConsumer>
`;

exports[`icon render undefined without problems 109`] = `
<ContextConsumer>
  <Component />
</ContextConsumer>
`;

exports[`icon render undefined without problems 110`] = `
<ContextConsumer>
  <Component />
</ContextConsumer>
`;

exports[`icon render undefined without problems 111`] = `
<ContextConsumer>
  <Component />
</ContextConsumer>
`;

exports[`icon render undefined without problems 112`] = `
<ContextConsumer>
  <Component />
</ContextConsumer>
`;

exports[`icon render undefined without problems 113`] = `
<ContextConsumer>
  <Component />
</ContextConsumer>
`;

exports[`icon render undefined without problems 114`] = `
<ContextConsumer>
  <Component />
</ContextConsumer>
`;

exports[`icon render undefined without problems 115`] = `
<ContextConsumer>
  <Component />
</ContextConsumer>
`;

exports[`icon render undefined without problems 116`] = `
<ContextConsumer>
  <Component />
</ContextConsumer>
`;

exports[`icon render undefined without problems 117`] = `
<ContextConsumer>
  <Component />
</ContextConsumer>
`;

exports[`icon render undefined without problems 118`] = `
<ContextConsumer>
  <Component />
</ContextConsumer>
`;

exports[`icon render undefined without problems 119`] = `
<ContextConsumer>
  <Component />
</ContextConsumer>
`;

exports[`icon render undefined without problems 120`] = `
<ContextConsumer>
  <Component />
</ContextConsumer>
`;

exports[`icon render undefined without problems 121`] = `
<ContextConsumer>
  <Component />
</ContextConsumer>
`;

exports[`icon render undefined without problems 122`] = `
<ContextConsumer>
  <Component />
</ContextConsumer>
`;

exports[`icon render undefined without problems 123`] = `
<ContextConsumer>
  <Component />
</ContextConsumer>
`;

exports[`icon render undefined without problems 124`] = `
<ContextConsumer>
  <Component />
</ContextConsumer>
`;

exports[`icon render undefined without problems 125`] = `
<ContextConsumer>
  <Component />
</ContextConsumer>
`;

exports[`icon render undefined without problems 126`] = `
<ContextConsumer>
  <Component />
</ContextConsumer>
`;

exports[`icon render undefined without problems 127`] = `
<ContextConsumer>
  <Component />
</ContextConsumer>
`;

exports[`icon render undefined without problems 128`] = `
<ContextConsumer>
  <Component />
</ContextConsumer>
`;

exports[`icon render undefined without problems 129`] = `
<ContextConsumer>
  <Component />
</ContextConsumer>
`;

exports[`icon render undefined without problems 130`] = `
<ContextConsumer>
  <Component />
</ContextConsumer>
`;

exports[`icon render undefined without problems 131`] = `
<ContextConsumer>
  <Component />
</ContextConsumer>
`;

exports[`icon render undefined without problems 132`] = `
<ContextConsumer>
  <Component />
</ContextConsumer>
`;

exports[`icon render undefined without problems 133`] = `
<ContextConsumer>
  <Component />
</ContextConsumer>
`;

exports[`icon render undefined without problems 134`] = `
<ContextConsumer>
  <Component />
</ContextConsumer>
`;

exports[`icon render undefined without problems 135`] = `
<ContextConsumer>
  <Component />
</ContextConsumer>
`;

exports[`icon render undefined without problems 136`] = `
<ContextConsumer>
  <Component />
</ContextConsumer>
`;

exports[`icon render undefined without problems 137`] = `
<ContextConsumer>
  <Component />
</ContextConsumer>
`;

exports[`icon render undefined without problems 138`] = `
<ContextConsumer>
  <Component />
</ContextConsumer>
`;

exports[`icon render undefined without problems 139`] = `
<ContextConsumer>
  <Component />
</ContextConsumer>
`;

exports[`icon render undefined without problems 140`] = `
<ContextConsumer>
  <Component />
</ContextConsumer>
`;

exports[`icon render undefined without problems 141`] = `
<ContextConsumer>
  <Component />
</ContextConsumer>
`;

exports[`icon render undefined without problems 142`] = `
<ContextConsumer>
  <Component />
</ContextConsumer>
`;

exports[`icon render undefined without problems 143`] = `
<ContextConsumer>
  <Component />
</ContextConsumer>
`;

exports[`icon render undefined without problems 144`] = `
<ContextConsumer>
  <Component />
</ContextConsumer>
`;

exports[`icon render undefined without problems 145`] = `
<ContextConsumer>
  <Component />
</ContextConsumer>
`;

exports[`icon render undefined without problems 146`] = `
<ContextConsumer>
  <Component />
</ContextConsumer>
`;

exports[`icon render undefined without problems 147`] = `
<ContextConsumer>
  <Component />
</ContextConsumer>
`;

exports[`icon render undefined without problems 148`] = `
<ContextConsumer>
  <Component />
</ContextConsumer>
`;

exports[`icon render undefined without problems 149`] = `
<ContextConsumer>
  <Component />
</ContextConsumer>
`;

exports[`icon render undefined without problems 150`] = `
<ContextConsumer>
  <Component />
</ContextConsumer>
`;

exports[`icon render undefined without problems 151`] = `
<ContextConsumer>
  <Component />
</ContextConsumer>
`;

exports[`icon render undefined without problems 152`] = `
<ContextConsumer>
  <Component />
</ContextConsumer>
`;

exports[`icon render undefined without problems 153`] = `
<ContextConsumer>
  <Component />
</ContextConsumer>
`;

exports[`icon render undefined without problems 154`] = `
<ContextConsumer>
  <Component />
</ContextConsumer>
`;

exports[`icon render undefined without problems 155`] = `
<ContextConsumer>
  <Component />
</ContextConsumer>
`;

exports[`icon render undefined without problems 156`] = `
<ContextConsumer>
  <Component />
</ContextConsumer>
`;

exports[`icon render undefined without problems 157`] = `
<ContextConsumer>
  <Component />
</ContextConsumer>
`;

exports[`icon render undefined without problems 158`] = `
<ContextConsumer>
  <Component />
</ContextConsumer>
`;

exports[`icon render undefined without problems 159`] = `
<ContextConsumer>
  <Component />
</ContextConsumer>
`;

exports[`icon render undefined without problems 160`] = `
<ContextConsumer>
  <Component />
</ContextConsumer>
`;

exports[`icon render undefined without problems 161`] = `
<ContextConsumer>
  <Component />
</ContextConsumer>
`;

exports[`icon render undefined without problems 162`] = `
<ContextConsumer>
  <Component />
</ContextConsumer>
`;

exports[`icon render undefined without problems 163`] = `
<ContextConsumer>
  <Component />
</ContextConsumer>
`;

exports[`icon render undefined without problems 164`] = `
<ContextConsumer>
  <Component />
</ContextConsumer>
`;

exports[`icon render undefined without problems 165`] = `
<ContextConsumer>
  <Component />
</ContextConsumer>
`;

exports[`icon render undefined without problems 166`] = `
<ContextConsumer>
  <Component />
</ContextConsumer>
`;

exports[`icon render undefined without problems 167`] = `
<ContextConsumer>
  <Component />
</ContextConsumer>
`;

exports[`icon render undefined without problems 168`] = `
<ContextConsumer>
  <Component />
</ContextConsumer>
`;

exports[`icon render undefined without problems 169`] = `
<ContextConsumer>
  <Component />
</ContextConsumer>
`;

exports[`icon render undefined without problems 170`] = `
<ContextConsumer>
  <Component />
</ContextConsumer>
`;

exports[`icon render undefined without problems 171`] = `
<ContextConsumer>
  <Component />
</ContextConsumer>
`;

exports[`icon render undefined without problems 172`] = `
<ContextConsumer>
  <Component />
</ContextConsumer>
`;

exports[`icon render undefined without problems 173`] = `
<ContextConsumer>
  <Component />
</ContextConsumer>
`;

exports[`icon render undefined without problems 174`] = `
<ContextConsumer>
  <Component />
</ContextConsumer>
`;

exports[`icon render undefined without problems 175`] = `
<ContextConsumer>
  <Component />
</ContextConsumer>
`;

exports[`icon render undefined without problems 176`] = `
<ContextConsumer>
  <Component />
</ContextConsumer>
`;

exports[`icon render undefined without problems 177`] = `
<ContextConsumer>
  <Component />
</ContextConsumer>
`;

exports[`icon render undefined without problems 178`] = `
<ContextConsumer>
  <Component />
</ContextConsumer>
`;

exports[`icon render undefined without problems 179`] = `
<ContextConsumer>
  <Component />
</ContextConsumer>
`;

exports[`icon render undefined without problems 180`] = `
<ContextConsumer>
  <Component />
</ContextConsumer>
`;

exports[`icon render undefined without problems 181`] = `
<ContextConsumer>
  <Component />
</ContextConsumer>
`;

exports[`icon render undefined without problems 182`] = `
<ContextConsumer>
  <Component />
</ContextConsumer>
`;

exports[`icon render undefined without problems 183`] = `
<ContextConsumer>
  <Component />
</ContextConsumer>
`;

exports[`icon render undefined without problems 184`] = `
<ContextConsumer>
  <Component />
</ContextConsumer>
`;

exports[`icon render undefined without problems 185`] = `
<ContextConsumer>
  <Component />
</ContextConsumer>
`;

exports[`icon render undefined without problems 186`] = `
<ContextConsumer>
  <Component />
</ContextConsumer>
`;

exports[`icon render undefined without problems 187`] = `
<ContextConsumer>
  <Component />
</ContextConsumer>
`;

exports[`icon render undefined without problems 188`] = `
<ContextConsumer>
  <Component />
</ContextConsumer>
`;

exports[`icon render undefined without problems 189`] = `
<ContextConsumer>
  <Component />
</ContextConsumer>
`;

exports[`icon render undefined without problems 190`] = `
<ContextConsumer>
  <Component />
</ContextConsumer>
`;

exports[`icon render undefined without problems 191`] = `
<ContextConsumer>
  <Component />
</ContextConsumer>
`;

exports[`icon render undefined without problems 192`] = `
<ContextConsumer>
  <Component />
</ContextConsumer>
`;

exports[`icon render undefined without problems 193`] = `
<ContextConsumer>
  <Component />
</ContextConsumer>
`;

exports[`icon render undefined without problems 194`] = `
<ContextConsumer>
  <Component />
</ContextConsumer>
`;

exports[`icon render undefined without problems 195`] = `
<ContextConsumer>
  <Component />
</ContextConsumer>
`;

exports[`icon render undefined without problems 196`] = `
<ContextConsumer>
  <Component />
</ContextConsumer>
`;

exports[`icon render undefined without problems 197`] = `
<ContextConsumer>
  <Component />
</ContextConsumer>
`;

exports[`icon render undefined without problems 198`] = `
<ContextConsumer>
  <Component />
</ContextConsumer>
`;

exports[`icon render undefined without problems 199`] = `
<ContextConsumer>
  <Component />
</ContextConsumer>
`;

exports[`icon render undefined without problems 200`] = `
<ContextConsumer>
  <Component />
</ContextConsumer>
`;

exports[`icon render undefined without problems 201`] = `
<ContextConsumer>
  <Component />
</ContextConsumer>
`;

exports[`icon render undefined without problems 202`] = `
<ContextConsumer>
  <Component />
</ContextConsumer>
`;

exports[`icon render undefined without problems 203`] = `
<ContextConsumer>
  <Component />
</ContextConsumer>
`;

exports[`icon render undefined without problems 204`] = `
<ContextConsumer>
  <Component />
</ContextConsumer>
`;

exports[`icon render undefined without problems 205`] = `
<ContextConsumer>
  <Component />
</ContextConsumer>
`;

exports[`icon render undefined without problems 206`] = `
<ContextConsumer>
  <Component />
</ContextConsumer>
`;

exports[`icon render undefined without problems 207`] = `
<ContextConsumer>
  <Component />
</ContextConsumer>
`;

exports[`icon render undefined without problems 208`] = `
<ContextConsumer>
  <Component />
</ContextConsumer>
`;

exports[`icon render undefined without problems 209`] = `
<ContextConsumer>
  <Component />
</ContextConsumer>
`;

exports[`icon render undefined without problems 210`] = `
<ContextConsumer>
  <Component />
</ContextConsumer>
`;

exports[`icon render undefined without problems 211`] = `
<ContextConsumer>
  <Component />
</ContextConsumer>
`;

exports[`icon render undefined without problems 212`] = `
<ContextConsumer>
  <Component />
</ContextConsumer>
`;

exports[`icon render undefined without problems 213`] = `
<ContextConsumer>
  <Component />
</ContextConsumer>
`;

exports[`icon render undefined without problems 214`] = `
<ContextConsumer>
  <Component />
</ContextConsumer>
`;

exports[`icon render undefined without problems 215`] = `
<ContextConsumer>
  <Component />
</ContextConsumer>
`;

exports[`icon render undefined without problems 216`] = `
<ContextConsumer>
  <Component />
</ContextConsumer>
`;

exports[`icon render undefined without problems 217`] = `
<ContextConsumer>
  <Component />
</ContextConsumer>
`;

exports[`icon render undefined without problems 218`] = `
<ContextConsumer>
  <Component />
</ContextConsumer>
`;

exports[`icon render undefined without problems 219`] = `
<ContextConsumer>
  <Component />
</ContextConsumer>
`;

exports[`icon render undefined without problems 220`] = `
<ContextConsumer>
  <Component />
</ContextConsumer>
`;

exports[`icon render undefined without problems 221`] = `
<ContextConsumer>
  <Component />
</ContextConsumer>
`;

exports[`icon render undefined without problems 222`] = `
<ContextConsumer>
  <Component />
</ContextConsumer>
`;

exports[`icon render undefined without problems 223`] = `
<ContextConsumer>
  <Component />
</ContextConsumer>
`;

exports[`icon render undefined without problems 224`] = `
<ContextConsumer>
  <Component />
</ContextConsumer>
`;

exports[`icon render undefined without problems 225`] = `
<ContextConsumer>
  <Component />
</ContextConsumer>
`;

exports[`icon render undefined without problems 226`] = `
<ContextConsumer>
  <Component />
</ContextConsumer>
`;

exports[`icon render undefined without problems 227`] = `
<ContextConsumer>
  <Component />
</ContextConsumer>
`;

exports[`icon render undefined without problems 228`] = `
<ContextConsumer>
  <Component />
</ContextConsumer>
`;

exports[`icon render undefined without problems 229`] = `
<ContextConsumer>
  <Component />
</ContextConsumer>
`;

exports[`icon render undefined without problems 230`] = `
<ContextConsumer>
  <Component />
</ContextConsumer>
`;

exports[`icon render undefined without problems 231`] = `
<ContextConsumer>
  <Component />
</ContextConsumer>
`;

exports[`icon render undefined without problems 232`] = `
<ContextConsumer>
  <Component />
</ContextConsumer>
`;

exports[`icon render undefined without problems 233`] = `
<ContextConsumer>
  <Component />
</ContextConsumer>
`;

exports[`icon render undefined without problems 234`] = `
<ContextConsumer>
  <Component />
</ContextConsumer>
`;

exports[`icon render undefined without problems 235`] = `
<ContextConsumer>
  <Component />
</ContextConsumer>
`;

exports[`icon render undefined without problems 236`] = `
<ContextConsumer>
  <Component />
</ContextConsumer>
`;

exports[`icon render undefined without problems 237`] = `
<ContextConsumer>
  <Component />
</ContextConsumer>
`;

exports[`icon render undefined without problems 238`] = `
<ContextConsumer>
  <Component />
</ContextConsumer>
`;

exports[`icon render undefined without problems 239`] = `
<ContextConsumer>
  <Component />
</ContextConsumer>
`;

exports[`icon render undefined without problems 240`] = `
<ContextConsumer>
  <Component />
</ContextConsumer>
`;

exports[`icon render undefined without problems 241`] = `
<ContextConsumer>
  <Component />
</ContextConsumer>
`;

exports[`icon render undefined without problems 242`] = `
<ContextConsumer>
  <Component />
</ContextConsumer>
`;

exports[`icon render undefined without problems 243`] = `
<ContextConsumer>
  <Component />
</ContextConsumer>
`;

exports[`icon render undefined without problems 244`] = `
<ContextConsumer>
  <Component />
</ContextConsumer>
`;

exports[`icon render undefined without problems 245`] = `
<ContextConsumer>
  <Component />
</ContextConsumer>
`;

exports[`icon render undefined without problems 246`] = `
<ContextConsumer>
  <Component />
</ContextConsumer>
`;

exports[`icon render undefined without problems 247`] = `
<ContextConsumer>
  <Component />
</ContextConsumer>
`;

exports[`icon render undefined without problems 248`] = `
<ContextConsumer>
  <Component />
</ContextConsumer>
`;

exports[`icon render undefined without problems 249`] = `
<ContextConsumer>
  <Component />
</ContextConsumer>
`;

exports[`icon render undefined without problems 250`] = `
<ContextConsumer>
  <Component />
</ContextConsumer>
`;

exports[`icon render undefined without problems 251`] = `
<ContextConsumer>
  <Component />
</ContextConsumer>
`;

exports[`icon render undefined without problems 252`] = `
<ContextConsumer>
  <Component />
</ContextConsumer>
`;

exports[`icon render undefined without problems 253`] = `
<ContextConsumer>
  <Component />
</ContextConsumer>
`;

exports[`icon render undefined without problems 254`] = `
<ContextConsumer>
  <Component />
</ContextConsumer>
`;

exports[`icon render undefined without problems 255`] = `
<ContextConsumer>
  <Component />
</ContextConsumer>
`;

exports[`icon render undefined without problems 256`] = `
<ContextConsumer>
  <Component />
</ContextConsumer>
`;

exports[`icon render undefined without problems 257`] = `
<ContextConsumer>
  <Component />
</ContextConsumer>
`;

exports[`icon render undefined without problems 258`] = `
<ContextConsumer>
  <Component />
</ContextConsumer>
`;

exports[`icon render undefined without problems 259`] = `
<ContextConsumer>
  <Component />
</ContextConsumer>
`;

exports[`icon render undefined without problems 260`] = `
<ContextConsumer>
  <Component />
</ContextConsumer>
`;

exports[`icon render undefined without problems 261`] = `
<ContextConsumer>
  <Component />
</ContextConsumer>
`;

exports[`icon render undefined without problems 262`] = `
<ContextConsumer>
  <Component />
</ContextConsumer>
`;

exports[`icon render undefined without problems 263`] = `
<ContextConsumer>
  <Component />
</ContextConsumer>
`;

exports[`icon render undefined without problems 264`] = `
<ContextConsumer>
  <Component />
</ContextConsumer>
`;

exports[`icon render undefined without problems 265`] = `
<ContextConsumer>
  <Component />
</ContextConsumer>
`;

exports[`icon render undefined without problems 266`] = `
<ContextConsumer>
  <Component />
</ContextConsumer>
`;

exports[`icon render undefined without problems 267`] = `
<ContextConsumer>
  <Component />
</ContextConsumer>
`;

exports[`icon render undefined without problems 268`] = `
<ContextConsumer>
  <Component />
</ContextConsumer>
`;

exports[`icon render undefined without problems 269`] = `
<ContextConsumer>
  <Component />
</ContextConsumer>
`;

exports[`icon render undefined without problems 270`] = `
<ContextConsumer>
  <Component />
</ContextConsumer>
`;

exports[`icon render undefined without problems 271`] = `
<ContextConsumer>
  <Component />
</ContextConsumer>
`;

exports[`icon render undefined without problems 272`] = `
<ContextConsumer>
  <Component />
</ContextConsumer>
`;

exports[`icon render undefined without problems 273`] = `
<ContextConsumer>
  <Component />
</ContextConsumer>
`;

exports[`icon render undefined without problems 274`] = `
<ContextConsumer>
  <Component />
</ContextConsumer>
`;

exports[`icon render undefined without problems 275`] = `
<ContextConsumer>
  <Component />
</ContextConsumer>
`;

exports[`icon render undefined without problems 276`] = `
<ContextConsumer>
  <Component />
</ContextConsumer>
`;

exports[`icon render undefined without problems 277`] = `
<ContextConsumer>
  <Component />
</ContextConsumer>
`;

exports[`icon render undefined without problems 278`] = `
<ContextConsumer>
  <Component />
</ContextConsumer>
`;

exports[`icon render undefined without problems 279`] = `
<ContextConsumer>
  <Component />
</ContextConsumer>
`;

exports[`icon render undefined without problems 280`] = `
<ContextConsumer>
  <Component />
</ContextConsumer>
`;

exports[`icon render undefined without problems 281`] = `
<ContextConsumer>
  <Component />
</ContextConsumer>
`;

exports[`icon render undefined without problems 282`] = `
<ContextConsumer>
  <Component />
</ContextConsumer>
`;

exports[`icon render undefined without problems 283`] = `
<ContextConsumer>
  <Component />
</ContextConsumer>
`;

exports[`icon render undefined without problems 284`] = `
<ContextConsumer>
  <Component />
</ContextConsumer>
`;

exports[`icon render undefined without problems 285`] = `
<ContextConsumer>
  <Component />
</ContextConsumer>
`;

exports[`icon render undefined without problems 286`] = `
<ContextConsumer>
  <Component />
</ContextConsumer>
`;

exports[`icon render undefined without problems 287`] = `
<ContextConsumer>
  <Component />
</ContextConsumer>
`;

exports[`icon render undefined without problems 288`] = `
<ContextConsumer>
  <Component />
</ContextConsumer>
`;

exports[`icon render undefined without problems 289`] = `
<ContextConsumer>
  <Component />
</ContextConsumer>
`;

exports[`icon render undefined without problems 290`] = `
<ContextConsumer>
  <Component />
</ContextConsumer>
`;

exports[`icon render undefined without problems 291`] = `
<ContextConsumer>
  <Component />
</ContextConsumer>
`;

exports[`icon render undefined without problems 292`] = `
<ContextConsumer>
  <Component />
</ContextConsumer>
`;

exports[`icon render undefined without problems 293`] = `
<ContextConsumer>
  <Component />
</ContextConsumer>
`;

exports[`icon render undefined without problems 294`] = `
<ContextConsumer>
  <Component />
</ContextConsumer>
`;

exports[`icon render undefined without problems 295`] = `
<ContextConsumer>
  <Component />
</ContextConsumer>
`;

exports[`icon render undefined without problems 296`] = `
<ContextConsumer>
  <Component />
</ContextConsumer>
`;

exports[`icon render undefined without problems 297`] = `
<ContextConsumer>
  <Component />
</ContextConsumer>
`;

exports[`icon render undefined without problems 298`] = `
<ContextConsumer>
  <Component />
</ContextConsumer>
`;

exports[`icon render undefined without problems 299`] = `
<ContextConsumer>
  <Component />
</ContextConsumer>
`;

exports[`icon render undefined without problems 300`] = `
<ContextConsumer>
  <Component />
</ContextConsumer>
`;

exports[`icon render undefined without problems 301`] = `
<ContextConsumer>
  <Component />
</ContextConsumer>
`;

exports[`icon render undefined without problems 302`] = `
<ContextConsumer>
  <Component />
</ContextConsumer>
`;

exports[`icon render undefined without problems 303`] = `
<ContextConsumer>
  <Component />
</ContextConsumer>
`;

exports[`icon render undefined without problems 304`] = `
<ContextConsumer>
  <Component />
</ContextConsumer>
`;

exports[`icon render undefined without problems 305`] = `
<ContextConsumer>
  <Component />
</ContextConsumer>
`;

exports[`icon render undefined without problems 306`] = `
<ContextConsumer>
  <Component />
</ContextConsumer>
`;

exports[`icon render undefined without problems 307`] = `
<ContextConsumer>
  <Component />
</ContextConsumer>
`;

exports[`icon render undefined without problems 308`] = `
<ContextConsumer>
  <Component />
</ContextConsumer>
`;

exports[`icon render undefined without problems 309`] = `
<ContextConsumer>
  <Component />
</ContextConsumer>
`;

exports[`icon render undefined without problems 310`] = `
<ContextConsumer>
  <Component />
</ContextConsumer>
`;

exports[`icon render undefined without problems 311`] = `
<ContextConsumer>
  <Component />
</ContextConsumer>
`;

exports[`icon render undefined without problems 312`] = `
<ContextConsumer>
  <Component />
</ContextConsumer>
`;

exports[`icon render undefined without problems 313`] = `
<ContextConsumer>
  <Component />
</ContextConsumer>
`;

exports[`icon render undefined without problems 314`] = `
<ContextConsumer>
  <Component />
</ContextConsumer>
`;

exports[`icon render undefined without problems 315`] = `
<ContextConsumer>
  <Component />
</ContextConsumer>
`;

exports[`icon render undefined without problems 316`] = `
<ContextConsumer>
  <Component />
</ContextConsumer>
`;

exports[`icon render undefined without problems 317`] = `
<ContextConsumer>
  <Component />
</ContextConsumer>
`;

exports[`icon render undefined without problems 318`] = `
<ContextConsumer>
  <Component />
</ContextConsumer>
`;

exports[`icon render undefined without problems 319`] = `
<ContextConsumer>
  <Component />
</ContextConsumer>
`;

exports[`icon render undefined without problems 320`] = `
<ContextConsumer>
  <Component />
</ContextConsumer>
`;

exports[`icon render undefined without problems 321`] = `
<ContextConsumer>
  <Component />
</ContextConsumer>
`;

exports[`icon render undefined without problems 322`] = `
<ContextConsumer>
  <Component />
</ContextConsumer>
`;

exports[`icon render undefined without problems 323`] = `
<ContextConsumer>
  <Component />
</ContextConsumer>
`;

exports[`icon render undefined without problems 324`] = `
<ContextConsumer>
  <Component />
</ContextConsumer>
`;

exports[`icon render undefined without problems 325`] = `
<ContextConsumer>
  <Component />
</ContextConsumer>
`;

exports[`icon render undefined without problems 326`] = `
<ContextConsumer>
  <Component />
</ContextConsumer>
`;

exports[`icon render undefined without problems 327`] = `
<ContextConsumer>
  <Component />
</ContextConsumer>
`;

exports[`icon render undefined without problems 328`] = `
<ContextConsumer>
  <Component />
</ContextConsumer>
`;

exports[`icon render undefined without problems 329`] = `
<ContextConsumer>
  <Component />
</ContextConsumer>
`;

exports[`icon render undefined without problems 330`] = `
<ContextConsumer>
  <Component />
</ContextConsumer>
`;

exports[`icon render undefined without problems 331`] = `
<ContextConsumer>
  <Component />
</ContextConsumer>
`;

exports[`icon render undefined without problems 332`] = `
<ContextConsumer>
  <Component />
</ContextConsumer>
`;

exports[`icon render undefined without problems 333`] = `
<ContextConsumer>
  <Component />
</ContextConsumer>
`;

exports[`icon render undefined without problems 334`] = `
<ContextConsumer>
  <Component />
</ContextConsumer>
`;

exports[`icon render undefined without problems 335`] = `
<ContextConsumer>
  <Component />
</ContextConsumer>
`;

exports[`icon render undefined without problems 336`] = `
<ContextConsumer>
  <Component />
</ContextConsumer>
`;

exports[`icon render undefined without problems 337`] = `
<ContextConsumer>
  <Component />
</ContextConsumer>
`;

exports[`icon render undefined without problems 338`] = `
<ContextConsumer>
  <Component />
</ContextConsumer>
`;

exports[`icon render undefined without problems 339`] = `
<ContextConsumer>
  <Component />
</ContextConsumer>
`;

exports[`icon render undefined without problems 340`] = `
<ContextConsumer>
  <Component />
</ContextConsumer>
`;

exports[`icon render undefined without problems 341`] = `
<ContextConsumer>
  <Component />
</ContextConsumer>
`;

exports[`icon render undefined without problems 342`] = `
<ContextConsumer>
  <Component />
</ContextConsumer>
`;

exports[`icon render undefined without problems 343`] = `
<ContextConsumer>
  <Component />
</ContextConsumer>
`;

exports[`icon render undefined without problems 344`] = `
<ContextConsumer>
  <Component />
</ContextConsumer>
`;

exports[`icon render undefined without problems 345`] = `
<ContextConsumer>
  <Component />
</ContextConsumer>
`;

exports[`icon render undefined without problems 346`] = `
<ContextConsumer>
  <Component />
</ContextConsumer>
`;

exports[`icon render undefined without problems 347`] = `
<ContextConsumer>
  <Component />
</ContextConsumer>
`;

exports[`icon render undefined without problems 348`] = `
<ContextConsumer>
  <Component />
</ContextConsumer>
`;

exports[`icon render undefined without problems 349`] = `
<ContextConsumer>
  <Component />
</ContextConsumer>
`;

exports[`icon render undefined without problems 350`] = `
<ContextConsumer>
  <Component />
</ContextConsumer>
`;

exports[`icon render undefined without problems 351`] = `
<ContextConsumer>
  <Component />
</ContextConsumer>
`;

exports[`icon render undefined without problems 352`] = `
<ContextConsumer>
  <Component />
</ContextConsumer>
`;

exports[`icon render undefined without problems 353`] = `
<ContextConsumer>
  <Component />
</ContextConsumer>
`;

exports[`icon render undefined without problems 354`] = `
<ContextConsumer>
  <Component />
</ContextConsumer>
`;

exports[`icon render undefined without problems 355`] = `
<ContextConsumer>
  <Component />
</ContextConsumer>
`;

exports[`icon render undefined without problems 356`] = `
<ContextConsumer>
  <Component />
</ContextConsumer>
`;

exports[`icon render undefined without problems 357`] = `
<ContextConsumer>
  <Component />
</ContextConsumer>
`;

exports[`icon render undefined without problems 358`] = `
<ContextConsumer>
  <Component />
</ContextConsumer>
`;

exports[`icon render undefined without problems 359`] = `
<ContextConsumer>
  <Component />
</ContextConsumer>
`;

exports[`icon render undefined without problems 360`] = `
<ContextConsumer>
  <Component />
</ContextConsumer>
`;

exports[`icon render undefined without problems 361`] = `
<ContextConsumer>
  <Component />
</ContextConsumer>
`;

exports[`icon render undefined without problems 362`] = `
<ContextConsumer>
  <Component />
</ContextConsumer>
`;

exports[`icon render undefined without problems 363`] = `
<ContextConsumer>
  <Component />
</ContextConsumer>
`;

exports[`icon render undefined without problems 364`] = `
<ContextConsumer>
  <Component />
</ContextConsumer>
`;

exports[`icon render undefined without problems 365`] = `
<ContextConsumer>
  <Component />
</ContextConsumer>
`;

exports[`icon render undefined without problems 366`] = `
<ContextConsumer>
  <Component />
</ContextConsumer>
`;

exports[`icon render undefined without problems 367`] = `
<ContextConsumer>
  <Component />
</ContextConsumer>
`;

exports[`icon render undefined without problems 368`] = `
<ContextConsumer>
  <Component />
</ContextConsumer>
`;

exports[`icon render undefined without problems 369`] = `
<ContextConsumer>
  <Component />
</ContextConsumer>
`;

exports[`icon render undefined without problems 370`] = `
<ContextConsumer>
  <Component />
</ContextConsumer>
`;

exports[`icon render undefined without problems 371`] = `
<ContextConsumer>
  <Component />
</ContextConsumer>
`;

exports[`icon render undefined without problems 372`] = `
<ContextConsumer>
  <Component />
</ContextConsumer>
`;

exports[`icon render undefined without problems 373`] = `
<ContextConsumer>
  <Component />
</ContextConsumer>
`;

exports[`icon render undefined without problems 374`] = `
<ContextConsumer>
  <Component />
</ContextConsumer>
`;

exports[`icon render undefined without problems 375`] = `
<ContextConsumer>
  <Component />
</ContextConsumer>
`;

exports[`icon render undefined without problems 376`] = `
<ContextConsumer>
  <Component />
</ContextConsumer>
`;

exports[`icon render undefined without problems 377`] = `
<ContextConsumer>
  <Component />
</ContextConsumer>
`;

exports[`icon render undefined without problems 378`] = `
<ContextConsumer>
  <Component />
</ContextConsumer>
`;

exports[`icon render undefined without problems 379`] = `
<ContextConsumer>
  <Component />
</ContextConsumer>
`;

exports[`icon render undefined without problems 380`] = `
<ContextConsumer>
  <Component />
</ContextConsumer>
`;

exports[`icon render undefined without problems 381`] = `
<ContextConsumer>
  <Component />
</ContextConsumer>
`;

exports[`icon render undefined without problems 382`] = `
<ContextConsumer>
  <Component />
</ContextConsumer>
`;

exports[`icon render undefined without problems 383`] = `
<ContextConsumer>
  <Component />
</ContextConsumer>
`;

exports[`icon render undefined without problems 384`] = `
<ContextConsumer>
  <Component />
</ContextConsumer>
`;

exports[`icon render undefined without problems 385`] = `
<ContextConsumer>
  <Component />
</ContextConsumer>
`;

exports[`icon render undefined without problems 386`] = `
<ContextConsumer>
  <Component />
</ContextConsumer>
`;

exports[`icon render undefined without problems 387`] = `
<ContextConsumer>
  <Component />
</ContextConsumer>
`;

exports[`icon render undefined without problems 388`] = `
<ContextConsumer>
  <Component />
</ContextConsumer>
`;

exports[`icon render undefined without problems 389`] = `
<ContextConsumer>
  <Component />
</ContextConsumer>
`;

exports[`icon render undefined without problems 390`] = `
<ContextConsumer>
  <Component />
</ContextConsumer>
`;

exports[`icon render undefined without problems 391`] = `
<ContextConsumer>
  <Component />
</ContextConsumer>
`;

exports[`icon render undefined without problems 392`] = `
<ContextConsumer>
  <Component />
</ContextConsumer>
`;

exports[`icon render undefined without problems 393`] = `
<ContextConsumer>
  <Component />
</ContextConsumer>
`;

exports[`icon render undefined without problems 394`] = `
<ContextConsumer>
  <Component />
</ContextConsumer>
`;

exports[`icon render undefined without problems 395`] = `
<ContextConsumer>
  <Component />
</ContextConsumer>
`;

exports[`icon render undefined without problems 396`] = `
<ContextConsumer>
  <Component />
</ContextConsumer>
`;

exports[`icon render undefined without problems 397`] = `
<ContextConsumer>
  <Component />
</ContextConsumer>
`;

exports[`icon render undefined without problems 398`] = `
<ContextConsumer>
  <Component />
</ContextConsumer>
`;

exports[`icon render undefined without problems 399`] = `
<ContextConsumer>
  <Component />
</ContextConsumer>
`;

exports[`icon render undefined without problems 400`] = `
<ContextConsumer>
  <Component />
</ContextConsumer>
`;

exports[`icon render undefined without problems 401`] = `
<ContextConsumer>
  <Component />
</ContextConsumer>
`;

exports[`icon render undefined without problems 402`] = `
<ContextConsumer>
  <Component />
</ContextConsumer>
`;

exports[`icon render undefined without problems 403`] = `
<ContextConsumer>
  <Component />
</ContextConsumer>
`;

exports[`icon render undefined without problems 404`] = `
<ContextConsumer>
  <Component />
</ContextConsumer>
`;

exports[`icon render undefined without problems 405`] = `
<ContextConsumer>
  <Component />
</ContextConsumer>
`;

exports[`icon render undefined without problems 406`] = `
<ContextConsumer>
  <Component />
</ContextConsumer>
`;

exports[`icon render undefined without problems 407`] = `
<ContextConsumer>
  <Component />
</ContextConsumer>
`;

exports[`icon render undefined without problems 408`] = `
<ContextConsumer>
  <Component />
</ContextConsumer>
`;

exports[`icon render undefined without problems 409`] = `
<ContextConsumer>
  <Component />
</ContextConsumer>
`;

exports[`icon render undefined without problems 410`] = `
<ContextConsumer>
  <Component />
</ContextConsumer>
`;

exports[`icon render undefined without problems 411`] = `
<ContextConsumer>
  <Component />
</ContextConsumer>
`;

exports[`icon render undefined without problems 412`] = `
<ContextConsumer>
  <Component />
</ContextConsumer>
`;

exports[`icon render undefined without problems 413`] = `
<ContextConsumer>
  <Component />
</ContextConsumer>
`;

exports[`icon render undefined without problems 414`] = `
<ContextConsumer>
  <Component />
</ContextConsumer>
`;

exports[`icon render undefined without problems 415`] = `
<ContextConsumer>
  <Component />
</ContextConsumer>
`;

exports[`icon render undefined without problems 416`] = `
<ContextConsumer>
  <Component />
</ContextConsumer>
`;

exports[`icon render undefined without problems 417`] = `
<ContextConsumer>
  <Component />
</ContextConsumer>
`;

exports[`icon render undefined without problems 418`] = `
<ContextConsumer>
  <Component />
</ContextConsumer>
`;

exports[`icon render undefined without problems 419`] = `
<ContextConsumer>
  <Component />
</ContextConsumer>
`;

exports[`icon render undefined without problems 420`] = `
<ContextConsumer>
  <Component />
</ContextConsumer>
`;

exports[`icon render undefined without problems 421`] = `
<ContextConsumer>
  <Component />
</ContextConsumer>
`;

exports[`icon render undefined without problems 422`] = `
<ContextConsumer>
  <Component />
</ContextConsumer>
`;

exports[`icon render undefined without problems 423`] = `
<ContextConsumer>
  <Component />
</ContextConsumer>
`;

exports[`icon render undefined without problems 424`] = `
<ContextConsumer>
  <Component />
</ContextConsumer>
`;

exports[`icon render undefined without problems 425`] = `
<ContextConsumer>
  <Component />
</ContextConsumer>
`;

exports[`icon render undefined without problems 426`] = `
<ContextConsumer>
  <Component />
</ContextConsumer>
`;

exports[`icon render undefined without problems 427`] = `
<ContextConsumer>
  <Component />
</ContextConsumer>
`;

exports[`icon render undefined without problems 428`] = `
<ContextConsumer>
  <Component />
</ContextConsumer>
`;

exports[`icon render undefined without problems 429`] = `
<ContextConsumer>
  <Component />
</ContextConsumer>
`;

exports[`icon render undefined without problems 430`] = `
<ContextConsumer>
  <Component />
</ContextConsumer>
`;

exports[`icon render undefined without problems 431`] = `
<ContextConsumer>
  <Component />
</ContextConsumer>
`;

exports[`icon render undefined without problems 432`] = `
<ContextConsumer>
  <Component />
</ContextConsumer>
`;

exports[`icon render undefined without problems 433`] = `
<ContextConsumer>
  <Component />
</ContextConsumer>
`;

exports[`icon render undefined without problems 434`] = `
<ContextConsumer>
  <Component />
</ContextConsumer>
`;

exports[`icon render undefined without problems 435`] = `
<ContextConsumer>
  <Component />
</ContextConsumer>
`;

exports[`icon render undefined without problems 436`] = `
<ContextConsumer>
  <Component />
</ContextConsumer>
`;

exports[`icon render undefined without problems 437`] = `
<ContextConsumer>
  <Component />
</ContextConsumer>
`;

exports[`icon render undefined without problems 438`] = `
<ContextConsumer>
  <Component />
</ContextConsumer>
`;

exports[`icon render undefined without problems 439`] = `
<ContextConsumer>
  <Component />
</ContextConsumer>
`;

exports[`icon render undefined without problems 440`] = `
<ContextConsumer>
  <Component />
</ContextConsumer>
`;

exports[`icon render undefined without problems 441`] = `
<ContextConsumer>
  <Component />
</ContextConsumer>
`;

exports[`icon renders without problems 1`] = `
<ContextConsumer>
  <Component />
</ContextConsumer>
`;
