// Jest Snapshot v1, https://goo.gl/fbAQLP

exports[`notification should render without problems 1`] = `
<Swipeable
  delta={100}
  onSwipe={[Function]}
>
  <div
    className="notification notification_has-closer notification_stick-to_right"
    onClick={[Function]}
    onKeyDown={[Function]}
    onMouseEnter={[Function]}
    onMouseLeave={[Function]}
    style={
      Object {
        "top": 12,
      }
    }
  >
    <div
      className="notification__icon notification__icon_green"
    >
      <r />
    </div>
    <div
      className="notification__content"
    >
      notification-text
    </div>
    <ForwardRef(ThemedComponent(IconButton))
      className="notification__closer"
      onClick={[Function]}
      size="m"
    >
      <l />
    </ForwardRef(ThemedComponent(IconButton))>
  </div>
</Swipeable>
`;
